
[2026-08-30T18:58:15.237355] schedule-from-todo-days — 2026-08-30
  - target: Week planning tab
  - packed To Do: {'ongoing': 35, 'not_completed': 81, 'other_active': 0, 'completed': 157, 'dropped': 67, 'active': 116, 'total': 340}
  - wrote Week from To Do Day of the Week: {'Sun': 7, 'Mon': 6, 'Tue': 13, 'Wed': 12, 'Thu': 5, 'Fri': 19, 'Sat': 1}
  - daily tabs cleared/not populated pending Kay approval
  - skipped: []
  - snapshot: /home/ubuntu/projects/Sapling/brain/context/rollback-snapshots/tasks-schedule-from-todo-days-20260830-185809.json

[2026-08-30T19:06:31.188743] schedule-from-todo-days — 2026-08-30
  - target: Week planning tab
  - packed To Do: {'ongoing': 12, 'not_completed': 80, 'other_active': 0, 'completed': 156, 'dropped': 92, 'active': 92, 'total': 340}
  - wrote Week from To Do Day of the Week: {'Sun': 7, 'Mon': 2, 'Tue': 9, 'Wed': 8, 'Thu': 1, 'Fri': 12, 'Sat': 1}
  - daily tabs cleared/not populated pending Kay approval
  - skipped: []
  - snapshot: /home/ubuntu/projects/Sapling/brain/context/rollback-snapshots/tasks-schedule-from-todo-days-20260830-190625.json

[2026-08-30T22:42:53.854546] schedule-to-day-slot — mon-1
  - task: Email Jackie Hirsh: ask whether inventory is included in LOI offer or on top
  - placement: Mon tab slot 1 (row 21)
  - overwrote: (slot was empty)
  - snapshot: /home/ubuntu/projects/Sapling/brain/context/rollback-snapshots/tasks-schedule-to-day-slot-20260830-224253.json

[2026-08-30T22:43:22.544995] schedule-to-day-slot — mon-2
  - task: Follow up on Boulay emails to schedule time
  - placement: Mon tab slot 2 (row 22)
  - overwrote: (slot was empty)
  - snapshot: /home/ubuntu/projects/Sapling/brain/context/rollback-snapshots/tasks-schedule-to-day-slot-20260830-224322.json
