
[2026-08-19T09:28:58.234235] distribute-week — 2026-08-16
  - week (Sunday boundary): 2026-08-16 .. 2026-08-22
  - fanned Week plan → day tabs: {'Sun': 6, 'Mon': 6, 'Tue': 17, 'Wed': 12, 'Thu': 4, 'Fri': 19, 'Sat': 1}
  - forced over collisions: False
  - collisions at run: none
  - snapshot: /home/ubuntu/projects/Sapling/brain/context/rollback-snapshots/tasks-distribute-week-20260819-092854.json

[2026-08-19T09:36:36.498319] carry-forward-day — sun-to-wed
  - moved: 6
  - source: Sun
  - destination: Wed
  - source packed: {'completed': 0, 'active': 0, 'blank': 50, 'rows': '21:70'}
  - snapshot: /home/ubuntu/projects/Sapling/brain/context/rollback-snapshots/tasks-carry-forward-day-20260819-093634.json
  
  - Sun slot 1 → Wed slot 13: Add Kay food staples to Sunday grocery run
  - Sun slot 2 → Wed slot 14: Create weekly schedule
  - Sun slot 3 → Wed slot 15: Confirm LiveOak payroll transfer coverage
  - Sun slot 4 → Wed slot 16: Kids allowance: Sunday $10/week + Friday $10/day through Aug
  - Sun slot 5 → Wed slot 17: Set weekly North Star from 60-day LOI sprint and One-Year Plan
  - Sun slot 6 → Wed slot 18: Choose 3 Body Reset slots for the week: beach yoga if available + 2 home strength/mobility sessions

[2026-08-19T09:36:39.725591] carry-forward-day — mon-to-wed
  - moved: 1
  - source: Mon
  - destination: Wed
  - source packed: {'completed': 5, 'active': 0, 'blank': 45, 'rows': '21:70'}
  - snapshot: /home/ubuntu/projects/Sapling/brain/context/rollback-snapshots/tasks-carry-forward-day-20260819-093638.json
  
  - Mon slot 2 → Wed slot 19: Process conference registrations

[2026-08-19T09:36:44.926026] carry-forward-day — tue-to-wed
  - moved: 11
  - source: Tue
  - destination: Wed
  - source packed: {'completed': 5, 'active': 0, 'blank': 45, 'rows': '21:70'}
  - snapshot: /home/ubuntu/projects/Sapling/brain/context/rollback-snapshots/tasks-carry-forward-day-20260819-093641.json
  
  - Tue slot 1 → Wed slot 20: Submit the boys to: State Models, Zuri Models, Teri B and Stellar
  - Tue slot 2 → Wed slot 21: Call IRS to confirm Form 8822-B address update
  - Tue slot 3 → Wed slot 22: Pull Megan pre-LOI prep meeting notes
  - Tue slot 4 → Wed slot 23: Continue financial modeling
  - Tue slot 5 → Wed slot 24: Email Melissa to assist with BK Growth contact and file folders
  - Tue slot 6 → Wed slot 25: Reconnect with Levi on prior art storage path
  - Tue slot 7 → Wed slot 26: Pull contact info and prepare kids modeling submissions to 5 referred agencies
  - Tue slot 8 → Wed slot 27: Call RSM
  - Tue slot 9 → Wed slot 28: Review new SLD video
  - Tue slot 10 → Wed slot 29: Locate holdco financial model
  - Tue slot 11 → Wed slot 30: Text Sarah Finders Fee document
