
[2026-06-21T00:34:30.866015] carry-forward-day — sun-to-mon
  - moved: 0
  - source: Sun
  - destination: Mon
  - source packed: {'completed': 2, 'active': 0, 'blank': 24, 'rows': '17:42'}
  - snapshot: /home/ubuntu/projects/Sapling/brain/context/rollback-snapshots/tasks-carry-forward-day-20260621-003430.json

[2026-06-21T08:06:35.048399] schedule-to-day-slot — sun-3
  - task: Pay Dad for swim lessons and membership
  - placement: Sun tab slot 3 (row 19)
  - overwrote: (slot was empty)
  - snapshot: /home/ubuntu/projects/Sapling/brain/context/rollback-snapshots/tasks-schedule-to-day-slot-20260621-080634.json

[2026-06-21T11:10:41.249763] build-week-v2 — 2026-06-21
  - prior file: TO DO 6.14.26 (12vE5XpAXeVFxzVHvRz6Hb0oRBQNEkt-ZPS7ANctJDQo)
  - template source: 1EaznKNTweSVRxbXpoEA2CyXLD8P96mWVU0K38-5pMxc
  - new file: TO DO 6.21.26 (1sN1yb6R7ippscvFWoaJKTSu0s2qBfxBoRn5dCviPTcY)
  - week label: WEEK OF Jun 21-27
  - missing day-tab tasks added to prior To Do: 23
  - combined day-task edits folded before import: 0
  - prior To Do packed before import: {'ongoing': 6, 'not_completed': 82, 'other_active': 0, 'completed': 67, 'active': 88, 'total': 155}
  - imported To Do: {'ongoing': 6, 'not_completed': 82, 'other_active': 0, 'completed': 67, 'active': 88, 'total': 155}
  - project tabs copied: ['Deal Aggregator Expansion', 'Myself Renewed Healthcare']
  - template project placeholders removed: ['PROJECT 1']
  - archive daily tabs copied: ['archive_6.14_Sun', 'archive_6.14_Mon', 'archive_6.14_Tue', 'archive_6.14_Wed', 'archive_6.14_Thu', 'archive_6.14_Fri', 'archive_6.14_Sat']
  - recurring stamped onto Week: 6
  - prior file archived: True (1ujEwLzsB4C6ZwhMfiRT8lS5WxrzYwRra)
  - snapshot: /home/ubuntu/projects/Sapling/brain/context/rollback-snapshots/tasks-build-week-v2-20260621-111016.json

[2026-06-21T11:32:45.062198] compact-todo — todo-gap-removal
  real rows kept: 150
  gap rows removed: 3
  rows physically deleted: 0
  retained through row 191 (incl ~40-row append buffer)
  snapshot: /home/ubuntu/projects/Sapling/brain/context/rollback-snapshots/tasks-compact-todo-20260621-113243.json

[2026-06-21T11:33:09.857894] schedule-from-todo-days — 2026-06-21
  - target: Week planning tab
  - packed To Do: {'ongoing': 6, 'not_completed': 70, 'other_active': 0, 'completed': 74, 'active': 76, 'total': 150}
  - wrote Week from To Do Day of the Week: {'Sun': 5, 'Mon': 24, 'Tue': 3, 'Wed': 2, 'Thu': 2, 'Fri': 5}
  - daily tabs cleared/not populated pending Kay approval
  - skipped: []
  - snapshot: /home/ubuntu/projects/Sapling/brain/context/rollback-snapshots/tasks-schedule-from-todo-days-20260621-113304.json

[2026-06-21T13:22:25.298314] distribute-week — 2026-06-21
  - week (Sunday boundary): 2026-06-21 .. 2026-06-27
  - fanned Week plan → day tabs: {'Sun': 5, 'Mon': 17, 'Tue': 4, 'Wed': 3, 'Thu': 3, 'Fri': 9, 'Sat': 0}
  - forced over collisions: False
  - collisions at run: none
  - snapshot: /home/ubuntu/projects/Sapling/brain/context/rollback-snapshots/tasks-distribute-week-20260621-132222.json

[2026-06-21T13:58:09.907361] schedule-to-day-slot — mon-18
  - task: Pay Northwell & Labcorp
  - placement: Mon tab slot 18 (row 34)
  - overwrote: (slot was empty)
  - snapshot: /home/ubuntu/projects/Sapling/brain/context/rollback-snapshots/tasks-schedule-to-day-slot-20260621-135809.json

[2026-06-21T14:00:39.088046] schedule-to-day-slot — mon-19
  - task: Email Bob: congrats on Cetane transaction + ask about deals
  - placement: Mon tab slot 19 (row 35)
  - overwrote: (slot was empty)
  - snapshot: /home/ubuntu/projects/Sapling/brain/context/rollback-snapshots/tasks-schedule-to-day-slot-20260621-140038.json
