
[2026-09-14T02:45:09.265151] build-week-v2 — 2026-09-13
  - prior file: TO DO 9.6.26 (1hsQlT0gkKHXF4pzw5sQiGNqXk9uzgE0PP5Ejx4ZBBJ4)
  - template source: 1EaznKNTweSVRxbXpoEA2CyXLD8P96mWVU0K38-5pMxc
  - new file: TO DO 9.13.26 (1AIUuFMQTgPA8jttANMqsMbIsvXSNnqJdh0kSbaa_BqA)
  - week label: WEEK OF Sep 13-19
  - missing day-tab tasks added to prior To Do: 8
  - combined day-task edits folded before import: 0
  - prior To Do packed before import: {'ongoing': 9, 'not_completed': 80, 'other_active': 0, 'completed': 188, 'dropped': 96, 'active': 89, 'total': 373}
  - imported To Do: {'ongoing': 9, 'not_completed': 80, 'other_active': 0, 'completed': 188, 'dropped': 96, 'active': 89, 'total': 373}
  - project tabs copied: ['Deal Aggregator Expansion', 'Myself Renewed Healthcare']
  - template project placeholders removed: ['PROJECT 1']
  - archive daily tabs copied: ['archive_9.6_Sun', 'archive_9.6_Mon', 'archive_9.6_Tue', 'archive_9.6_Wed', 'archive_9.6_Thu', 'archive_9.6_Fri', 'archive_9.6_Sat']
  - recurring stamped onto Week: 9
  - prior file archived: True (1ujEwLzsB4C6ZwhMfiRT8lS5WxrzYwRra)
  - snapshot: /home/ubuntu/projects/Sapling/brain/context/rollback-snapshots/tasks-build-week-v2-20260914-024432.json

[2026-09-14T02:47:42.574028] schedule-from-todo-days — 2026-09-14
  - target: Week planning tab
  - packed To Do: {'ongoing': 9, 'not_completed': 79, 'other_active': 0, 'completed': 188, 'dropped': 96, 'active': 88, 'total': 372}
  - wrote Week from To Do Day of the Week: {'Sun': 6, 'Mon': 5, 'Tue': 16, 'Wed': 4, 'Fri': 10, 'Sat': 1}
  - daily tabs cleared/not populated pending Kay approval
  - skipped: [{'task': 'Pause DealsX before October billing', 'day': 'Monday', 'reason': 'future due date 2026-09-28 outside current week'}]
  - snapshot: /home/ubuntu/projects/Sapling/brain/context/rollback-snapshots/tasks-schedule-from-todo-days-20260914-024737.json

[2026-09-14T03:19:22.600972] schedule-to-day-slot — mon-1
  - task: Cancel DocSend
  - placement: Mon tab slot 1 (row 21)
  - overwrote: (slot was empty)
  - snapshot: /home/ubuntu/projects/Sapling/brain/context/rollback-snapshots/tasks-schedule-to-day-slot-20260914-031922.json

[2026-09-14T03:19:33.705508] schedule-to-day-slot — mon-2
  - task: Cancel Howie
  - placement: Mon tab slot 2 (row 22)
  - overwrote: (slot was empty)
  - snapshot: /home/ubuntu/projects/Sapling/brain/context/rollback-snapshots/tasks-schedule-to-day-slot-20260914-031933.json

[2026-09-14T03:19:44.661243] schedule-to-day-slot — mon-3
  - task: Cancel The Art Newspaper
  - placement: Mon tab slot 3 (row 23)
  - overwrote: (slot was empty)
  - snapshot: /home/ubuntu/projects/Sapling/brain/context/rollback-snapshots/tasks-schedule-to-day-slot-20260914-031944.json

[2026-09-14T03:41:19.650793] schedule-from-todo-days — 2026-09-14
  - target: Week planning tab
  - packed To Do: {'ongoing': 9, 'not_completed': 73, 'other_active': 0, 'completed': 196, 'dropped': 101, 'active': 82, 'total': 379}
  - wrote Week from To Do Day of the Week: {'Sun': 6, 'Mon': 10, 'Tue': 12, 'Wed': 4, 'Fri': 11, 'Sat': 1}
  - daily tabs cleared/not populated pending Kay approval
  - skipped: []
  - snapshot: /home/ubuntu/projects/Sapling/brain/context/rollback-snapshots/tasks-schedule-from-todo-days-20260914-034114.json
