
[2026-09-01T11:01:34.549440] carry-forward-day — mon-to-tue
  - moved: 2
  - source: Mon
  - destination: Tue
  - source packed: {'completed': 0, 'active': 0, 'blank': 50, 'rows': '21:70'}
  - snapshot: /home/ubuntu/projects/Sapling/brain/context/rollback-snapshots/tasks-carry-forward-day-20260901-110132.json
  
  - Mon slot 1 → Tue slot 1: Email Jackie Hirsh: ask whether inventory is included in LOI offer or on top
  - Mon slot 2 → Tue slot 2: Follow up on Boulay emails to schedule time

[2026-09-01T11:02:18.788921] schedule-from-todo-days — 2026-09-01
  - target: Week planning tab
  - packed To Do: {'ongoing': 13, 'not_completed': 70, 'other_active': 0, 'completed': 164, 'dropped': 95, 'active': 83, 'total': 342}
  - wrote Week from To Do Day of the Week: {'Sun': 7, 'Mon': 4, 'Tue': 7, 'Wed': 4, 'Fri': 11, 'Sat': 1}
  - daily tabs cleared/not populated pending Kay approval
  - skipped: []
  - snapshot: /home/ubuntu/projects/Sapling/brain/context/rollback-snapshots/tasks-schedule-from-todo-days-20260901-110211.json

[2026-09-01T11:08:58.983470] schedule-from-todo-days — 2026-09-01
  - target: Week planning tab
  - packed To Do: {'ongoing': 9, 'not_completed': 70, 'other_active': 0, 'completed': 169, 'dropped': 95, 'active': 79, 'total': 343}
  - wrote Week from To Do Day of the Week: {'Sun': 4, 'Mon': 4, 'Tue': 6, 'Wed': 4, 'Fri': 11, 'Sat': 1}
  - daily tabs cleared/not populated pending Kay approval
  - skipped: []
  - snapshot: /home/ubuntu/projects/Sapling/brain/context/rollback-snapshots/tasks-schedule-from-todo-days-20260901-110852.json

[2026-09-01T11:19:20.538239] schedule-from-todo-days — 2026-09-01
  - target: Week planning tab
  - packed To Do: {'ongoing': 9, 'not_completed': 70, 'other_active': 0, 'completed': 169, 'dropped': 95, 'active': 79, 'total': 343}
  - wrote Week from To Do Day of the Week: {'Sun': 6, 'Mon': 5, 'Tue': 6, 'Wed': 4, 'Fri': 11, 'Sat': 1}
  - daily tabs cleared/not populated pending Kay approval
  - skipped: []
  - snapshot: /home/ubuntu/projects/Sapling/brain/context/rollback-snapshots/tasks-schedule-from-todo-days-20260901-111913.json

[2026-09-01T11:20:26.763366] schedule-from-todo-days — 2026-09-01
  - target: Week planning tab
  - packed To Do: {'ongoing': 9, 'not_completed': 70, 'other_active': 0, 'completed': 169, 'dropped': 95, 'active': 79, 'total': 343}
  - wrote Week from To Do Day of the Week: {'Sun': 6, 'Mon': 5, 'Tue': 6, 'Wed': 4, 'Fri': 11, 'Sat': 1}
  - daily tabs cleared/not populated pending Kay approval
  - skipped: []
  - snapshot: /home/ubuntu/projects/Sapling/brain/context/rollback-snapshots/tasks-schedule-from-todo-days-20260901-112019.json

[2026-09-01T11:26:28.789959] schedule-to-day-slot — tue-1
  - task: Live Deal / Sidney Garber: reach out to Brooke about LOI updates
  - placement: Tue tab slot 1 (row 21)
  - overwrote: (slot was empty)
  - snapshot: /home/ubuntu/projects/Sapling/brain/context/rollback-snapshots/tasks-schedule-to-day-slot-20260901-112628.json

[2026-09-01T11:26:31.847427] schedule-to-day-slot — tue-2
  - task: Live Deal / Sidney Garber: work through Camilla | Kay TB agenda action items
  - placement: Tue tab slot 2 (row 22)
  - overwrote: (slot was empty)
  - snapshot: /home/ubuntu/projects/Sapling/brain/context/rollback-snapshots/tasks-schedule-to-day-slot-20260901-112631.json

[2026-09-01T11:26:34.177423] schedule-to-day-slot — tue-3
  - task: DealsX / Pipeline Support: confirm Camilla is receiving interested-lead emails and channel updates
  - placement: Tue tab slot 3 (row 23)
  - overwrote: (slot was empty)
  - snapshot: /home/ubuntu/projects/Sapling/brain/context/rollback-snapshots/tasks-schedule-to-day-slot-20260901-112633.json

[2026-09-01T11:26:36.771514] schedule-to-day-slot — tue-4
  - task: Live Deal / Diligence: build pre- and post-LOI diligence list modeled on Acumen
  - placement: Tue tab slot 4 (row 24)
  - overwrote: (slot was empty)
  - snapshot: /home/ubuntu/projects/Sapling/brain/context/rollback-snapshots/tasks-schedule-to-day-slot-20260901-112635.json

[2026-09-01T11:26:38.937447] schedule-to-day-slot — tue-5
  - task: Live Deal / SIM: flesh out growth and competition sections
  - placement: Tue tab slot 5 (row 25)
  - overwrote: (slot was empty)
  - snapshot: /home/ubuntu/projects/Sapling/brain/context/rollback-snapshots/tasks-schedule-to-day-slot-20260901-112638.json

[2026-09-01T11:26:41.112808] schedule-to-day-slot — tue-6
  - task: Live Deal / Model: track rolling 12-month file, salary detail, and org chart
  - placement: Tue tab slot 6 (row 26)
  - overwrote: (slot was empty)
  - snapshot: /home/ubuntu/projects/Sapling/brain/context/rollback-snapshots/tasks-schedule-to-day-slot-20260901-112640.json

[2026-09-01T11:26:43.236604] schedule-to-day-slot — tue-7
  - task: Live Deal / Conviction: separate buyer conviction from capital-side conviction
  - placement: Tue tab slot 7 (row 27)
  - overwrote: (slot was empty)
  - snapshot: /home/ubuntu/projects/Sapling/brain/context/rollback-snapshots/tasks-schedule-to-day-slot-20260901-112642.json

[2026-09-01T11:26:45.432103] schedule-to-day-slot — tue-8
  - task: Pipeline: move Sidney Garber to LOI Submitted
  - placement: Tue tab slot 8 (row 28)
  - overwrote: (slot was empty)
  - snapshot: /home/ubuntu/projects/Sapling/brain/context/rollback-snapshots/tasks-schedule-to-day-slot-20260901-112645.json

[2026-09-01T11:26:48.009122] schedule-to-day-slot — tue-9
  - task: Pipeline: confirm EPG closed / not proceeding
  - placement: Tue tab slot 9 (row 29)
  - overwrote: (slot was empty)
  - snapshot: /home/ubuntu/projects/Sapling/brain/context/rollback-snapshots/tasks-schedule-to-day-slot-20260901-112647.json

[2026-09-01T11:28:10.633211] schedule-from-todo-days — 2026-09-01
  - target: Week planning tab
  - packed To Do: {'ongoing': 9, 'not_completed': 79, 'other_active': 0, 'completed': 169, 'dropped': 95, 'active': 88, 'total': 352}
  - wrote Week from To Do Day of the Week: {'Sun': 6, 'Mon': 5, 'Tue': 15, 'Wed': 4, 'Fri': 11, 'Sat': 1}
  - daily tabs cleared/not populated pending Kay approval
  - skipped: []
  - snapshot: /home/ubuntu/projects/Sapling/brain/context/rollback-snapshots/tasks-schedule-from-todo-days-20260901-112804.json

[2026-09-01T11:28:52.927430] distribute-week — 2026-08-30
  - week (Sunday boundary): 2026-08-30 .. 2026-09-05
  - fanned Week plan → day tabs: {'Sun': 4, 'Mon': 4, 'Tue': 15, 'Wed': 4, 'Thu': 0, 'Fri': 11, 'Sat': 1}
  - forced over collisions: False
  - collisions at run: none
  - snapshot: /home/ubuntu/projects/Sapling/brain/context/rollback-snapshots/tasks-distribute-week-20260901-112850.json

[2026-09-01T12:01:37.990245] schedule-from-todo-days — 2026-09-01
  - target: Week planning tab
  - packed To Do: {'ongoing': 9, 'not_completed': 79, 'other_active': 0, 'completed': 169, 'dropped': 96, 'active': 88, 'total': 353}
  - wrote Week from To Do Day of the Week: {'Sun': 6, 'Mon': 5, 'Tue': 16, 'Wed': 4, 'Fri': 11, 'Sat': 1}
  - daily tabs cleared/not populated pending Kay approval
  - skipped: []
  - snapshot: /home/ubuntu/projects/Sapling/brain/context/rollback-snapshots/tasks-schedule-from-todo-days-20260901-120131.json

[2026-09-01T12:02:44.142554] distribute-week — 2026-08-30
  - week (Sunday boundary): 2026-08-30 .. 2026-09-05
  - fanned Week plan → day tabs: {'Sun': 4, 'Mon': 3, 'Tue': 16, 'Wed': 4, 'Thu': 0, 'Fri': 11, 'Sat': 1}
  - forced over collisions: False
  - collisions at run: none
  - snapshot: /home/ubuntu/projects/Sapling/brain/context/rollback-snapshots/tasks-distribute-week-20260901-120210.json

[2026-09-01T23:33:29.740690] schedule-to-day-slot — thu-1
  - task: Pay DealsX invoice
  - placement: Thu tab slot 1 (row 21)
  - overwrote: (slot was empty)
  - snapshot: /home/ubuntu/projects/Sapling/brain/context/rollback-snapshots/tasks-schedule-to-day-slot-20260901-233329.json
