
[2026-09-02T09:47:27.382034] schedule-to-day-slot — wed-6
  - task: Download Start Virtual bank account statements
  - placement: Wed tab slot 6 (row 26)
  - overwrote: (slot was empty)
  - snapshot: /home/ubuntu/projects/Sapling/brain/context/rollback-snapshots/tasks-schedule-to-day-slot-20260902-094727.json

[2026-09-02T09:48:07.474195] schedule-to-day-slot — wed-7
  - task: Send lease break contract to Clayton
  - placement: Wed tab slot 7 (row 27)
  - overwrote: (slot was empty)
  - snapshot: /home/ubuntu/projects/Sapling/brain/context/rollback-snapshots/tasks-schedule-to-day-slot-20260902-094807.json

[2026-09-02T09:48:21.141314] schedule-to-day-slot — fri-12
  - task: Pick up my items from One Hanover Square
  - placement: Fri tab slot 12 (row 32)
  - overwrote: (slot was empty)
  - snapshot: /home/ubuntu/projects/Sapling/brain/context/rollback-snapshots/tasks-schedule-to-day-slot-20260902-094820.json

[2026-09-02T09:56:21.185669] carry-forward-day — mon-to-wed
  - moved: 1
  - source: Mon
  - destination: Wed
  - source packed: {'completed': 2, 'active': 0, 'blank': 50, 'rows': '21:72'}
  - snapshot: /home/ubuntu/projects/Sapling/brain/context/rollback-snapshots/tasks-carry-forward-day-20260902-095619.json
  
  - Mon slot 1 → Wed slot 8: Email Jackie Hirsh: ask whether inventory is included in LOI offer or on top

[2026-09-02T09:56:39.027689] carry-forward-day — tue-to-wed
  - moved: 16
  - source: Tue
  - destination: Wed
  - source packed: {'completed': 3, 'active': 0, 'blank': 47, 'rows': '21:70'}
  - snapshot: /home/ubuntu/projects/Sapling/brain/context/rollback-snapshots/tasks-carry-forward-day-20260902-095619.json
  
  - Tue slot 1 → Wed slot 8: Submit the boys to: State Models, Zuri Models, Teri B and Stellar
  - Tue slot 2 → Wed slot 9: Call IRS to confirm Form 8822-B address update
  - Tue slot 3 → Wed slot 10: Email Melissa to assist with BK Growth contact and file folders
  - Tue slot 4 → Wed slot 11: Locate holdco financial model
  - Tue slot 5 → Wed slot 12: Complete Quarterly Update
  - Tue slot 6 → Wed slot 13: Schedule Boulay/QOE scoping call: scope, cost, inventory diligence experience
  - Tue slot 7 → Wed slot 14: Text Brooke to schedule seller feedback call + Monday cadence
  - Tue slot 8 → Wed slot 15: Add seller-alignment section to first pages of SIM
  - Tue slot 10 → Wed slot 16: Build Acumen-modeled pre/post-LOI diligence list + spend gates
  - Tue slot 11 → Wed slot 17: Await receipt of track rolling 12-month file, salary detail, and org chart
  - Tue slot 12 → Wed slot 18: Build buyer vs capital conviction checklist for SIM
  - Tue slot 14 → Wed slot 19: Pipeline: confirm EPG closed / not proceeding
  - Tue slot 15 → Wed slot 20: Set up Sidney Garber shared Drive data room + request-list structure
  - Tue slot 16 → Wed slot 21: Review new SLD video
  - Tue slot 17 → Wed slot 22: Put fuel & recovery lists to refrigerator
  - Tue slot 18 → Wed slot 23: Schedule exercise classes for the week

[2026-09-02T15:07:28.116134] schedule-to-day-slot — wed-24
  - task: Pay Hetzner invoice
  - placement: Wed tab slot 24 (row 44)
  - overwrote: (slot was empty)
  - snapshot: /home/ubuntu/projects/Sapling/brain/context/rollback-snapshots/tasks-schedule-to-day-slot-20260902-150727.json
