
[2026-07-05T09:04:03.960964] build-week-v2 — 2026-07-05
  - prior file: TO DO 6.28.26 (1Cc3sQjeYT7GzGcAuOnHbuOA7P648xzgKqGTZuTusg5c)
  - template source: 1EaznKNTweSVRxbXpoEA2CyXLD8P96mWVU0K38-5pMxc
  - new file: TO DO 7.5.26 (183fc3jt3200rN9PJr80VfAnJXUz2YNcui8nHnkmIKmk)
  - week label: WEEK OF Jul 5-11
  - missing day-tab tasks added to prior To Do: 0
  - combined day-task edits folded before import: 0
  - prior To Do packed before import: {'ongoing': 6, 'not_completed': 68, 'other_active': 0, 'completed': 89, 'active': 74, 'total': 163}
  - imported To Do: {'ongoing': 6, 'not_completed': 68, 'other_active': 0, 'completed': 89, 'active': 74, 'total': 163}
  - project tabs copied: ['Deal Aggregator Expansion', 'Myself Renewed Healthcare']
  - template project placeholders removed: ['PROJECT 1']
  - archive daily tabs copied: ['archive_6.28_Sun', 'archive_6.28_Mon', 'archive_6.28_Tue', 'archive_6.28_Wed', 'archive_6.28_Thu', 'archive_6.28_Fri', 'archive_6.28_Sat']
  - recurring stamped onto Week: 6
  - prior file archived: True (1ujEwLzsB4C6ZwhMfiRT8lS5WxrzYwRra)
  - snapshot: /home/ubuntu/projects/Sapling/brain/context/rollback-snapshots/tasks-build-week-v2-20260705-090337.json

[2026-07-05T14:57:59.660134] schedule-from-todo-days — 2026-07-05
  - target: Week planning tab
  - packed To Do: {'ongoing': 6, 'not_completed': 68, 'other_active': 0, 'completed': 90, 'active': 74, 'total': 164}
  - wrote Week from To Do Day of the Week: {'Sun': 2, 'Mon': 12, 'Tue': 1, 'Wed': 1, 'Fri': 9}
  - daily tabs cleared/not populated pending Kay approval
  - skipped: []
  - snapshot: /home/ubuntu/projects/Sapling/brain/context/rollback-snapshots/tasks-schedule-from-todo-days-20260705-145753.json

[2026-07-05T15:01:04.276859] schedule-from-todo-days — 2026-07-05
  - target: Week planning tab
  - packed To Do: {'ongoing': 6, 'not_completed': 69, 'other_active': 0, 'completed': 90, 'active': 75, 'total': 165}
  - wrote Week from To Do Day of the Week: {'Sun': 2, 'Mon': 12, 'Tue': 1, 'Wed': 1, 'Fri': 10}
  - daily tabs cleared/not populated pending Kay approval
  - skipped: []
  - snapshot: /home/ubuntu/projects/Sapling/brain/context/rollback-snapshots/tasks-schedule-from-todo-days-20260705-150057.json

[2026-07-05T15:01:39.263073] schedule-from-todo-days — 2026-07-05
  - target: Week planning tab
  - packed To Do: {'ongoing': 6, 'not_completed': 70, 'other_active': 0, 'completed': 90, 'active': 76, 'total': 166}
  - wrote Week from To Do Day of the Week: {'Sun': 2, 'Mon': 13, 'Tue': 1, 'Wed': 1, 'Fri': 10}
  - daily tabs cleared/not populated pending Kay approval
  - skipped: []
  - snapshot: /home/ubuntu/projects/Sapling/brain/context/rollback-snapshots/tasks-schedule-from-todo-days-20260705-150132.json

[2026-07-05T15:03:22.912885] distribute-week — 2026-07-05
  - week (Sunday boundary): 2026-07-05 .. 2026-07-11
  - fanned Week plan → day tabs: {'Sun': 2, 'Mon': 13, 'Tue': 1, 'Wed': 1, 'Thu': 0, 'Fri': 10, 'Sat': 0}
  - forced over collisions: False
  - collisions at run: none
  - snapshot: /home/ubuntu/projects/Sapling/brain/context/rollback-snapshots/tasks-distribute-week-20260705-150320.json
