
[2026-06-11T08:51:23.696772] carry-forward-day — wed-to-thu
  - moved: 21
  - source: Wed
  - destination: Thu
  - snapshot: /home/ubuntu/projects/Sapling/brain/context/rollback-snapshots/tasks-carry-forward-day-20260611-085118.json
  
  - Wed slot 2 → Thu slot 3: Niche intel review (recurring)
  - Wed slot 3 → Thu slot 4: Change of address (overdue 5/21)
  - Wed slot 4 → Thu slot 5: Website ReBuild kcik off
  - Wed slot 5 → Thu slot 6: Continue thesis deck
  - Wed slot 6 → Thu slot 7: Thank you Jay
  - Wed slot 7 → Thu slot 8: Thank you Warren
  - Wed slot 8 → Thu slot 9: Follow-up emails to lunch attendees
  - Wed slot 9 → Thu slot 10: Follow-up emails to conference 1:1s
  - Wed slot 10 → Thu slot 11: Send DealsX specialization file
  - Wed slot 11 → Thu slot 12: DealsX targeted outreach, share lists
  - Wed slot 13 → Thu slot 13: Email Krupa, Deborah
  - Wed slot 14 → Thu slot 14: Email Hamptons Pest
  - Wed slot 15 → Thu slot 15: Create project for French passports
  - Wed slot 16 → Thu slot 16: Review Mid-Search Summit Market Update takeaways, anchor in playbook update (four-horsemen framework)
  - Wed slot 17 → Thu slot 17: Connect with Richard & NYBB
  - Wed slot 18 → Thu slot 18: Contact Greg - Franchise
  - Wed slot 19 → Thu slot 19: Email Becky, contact at NYBB
  - Wed slot 20 → Thu slot 20: Reply to Carlos
  - Wed slot 21 → Thu slot 21: Thank you Paul
  - Wed slot 22 → Thu slot 22: Thank you Bob
  - Wed slot 23 → Thu slot 23: Thank you Laura
