
[2026-07-11T08:01:04.697061] carry-forward-day — fri-to-sat
  - moved: 26
  - source: Fri
  - destination: Sat
  - source packed: {'completed': 0, 'active': 0, 'blank': 50, 'rows': '17:66'}
  - snapshot: /home/ubuntu/projects/Sapling/brain/context/rollback-snapshots/tasks-carry-forward-day-20260711-080057.json
  
  - Fri slot 1 → Sat slot 1: Weekly review — system health, M&A activities, budget
  - Fri slot 2 → Sat slot 2: Order gift for Lois (Jack Hugh Mackay)
  - Fri slot 3 → Sat slot 3: Sign up kids for Kano Martial Arts judo class
  - Fri slot 4 → Sat slot 4: Look into music lessons
  - Fri slot 5 → Sat slot 5: Sign up for more Italki lessons
  - Fri slot 6 → Sat slot 6: Create travel plans for July in Paris/France next year
  - Fri slot 7 → Sat slot 7: Bday cards & baby cards
  - Fri slot 8 → Sat slot 8: Create project for French passports
  - Fri slot 9 → Sat slot 9: Pay Dad for swim lessons and membership
  - Fri slot 10 → Sat slot 10: Review last month's monthly budget files from email
  - Fri slot 11 → Sat slot 11: Check NYC Housing Connect for new Manhattan lotteries
  - Fri slot 12 → Sat slot 12: Niche intel review
  - Fri slot 13 → Sat slot 13: Pull Megan pre-LOI prep meeting notes
  - Fri slot 14 → Sat slot 14: Call IRS to confirm Form 8822-B address update
  - Fri slot 15 → Sat slot 15: Thank you: Jay, Laura, Paul, Bob
  - Fri slot 16 → Sat slot 16: Make sure we dont get charged by Linkt
  - Fri slot 17 → Sat slot 17: Get reimbursed for Motion
  - Fri slot 18 → Sat slot 18: Follow up: Deborah, Hamptons Pest, Richard, NYBB, Becky, Greg
  - Fri slot 19 → Sat slot 19: Update Tailscale SSH checkPeriod for Sapling VPS
  - Fri slot 20 → Sat slot 20: Verify Howie plan and update budget run-rate
  - Fri slot 21 → Sat slot 21: Verify Attio payment / renewal amount
  - Fri slot 22 → Sat slot 22: Reach out to Guillermo to schedule next brainstorm
  - Fri slot 23 → Sat slot 23: Website rebuild focus block
  - Fri slot 24 → Sat slot 24: Deck focus block
  - Fri slot 25 → Sat slot 25: Restart niche intel / target discovery process with DealsX
  - Fri slot 26 → Sat slot 26: Follow up: Carlos, Lisa/Peter, Jose
