
[2026-07-24T13:40:15.083185] carry-forward-day — thu-to-fri
  - moved: 15
  - source: Thu
  - destination: Fri
  - source packed: {'completed': 3, 'active': 0, 'blank': 47, 'rows': '17:66'}
  - snapshot: /home/ubuntu/projects/Sapling/brain/context/rollback-snapshots/tasks-carry-forward-day-20260724-134010.json
  
  - Thu slot 2 → Fri slot 7: Narrow/edit must-have diligence questions to top 5
  - Thu slot 3 → Fri slot 8: Draft risk/mitigation page: retail, inventory, key-person, working capital, lease, non-recurring revenue
  - Thu slot 5 → Fri slot 9: Start holdco vision + infrastructure adjacency map
  - Thu slot 6 → Fri slot 10: Draft seller-call prep framework: transition priorities, questions, and deal-structure options
  - Thu slot 7 → Fri slot 11: Niche intel review
  - Thu slot 8 → Fri slot 12: Start growth levers for jewelry brand
  - Thu slot 9 → Fri slot 13: Prepare high-level seller data ask draft
  - Thu slot 10 → Fri slot 14: Pull Megan pre-LOI prep meeting notes
  - Thu slot 11 → Fri slot 15: Start company analysis from public info + competitive analysis
  - Thu slot 13 → Fri slot 16: Call IRS to confirm Form 8822-B address update
  - Thu slot 14 → Fri slot 17: Process conference registrations
  - Thu slot 15 → Fri slot 18: Fasting rhythm begins: 8:00pm kitchen closed / 8:30am latte
  - Thu slot 16 → Fri slot 19: Draft/schedule Greg thank-you and insurance contacts follow-up
  - Thu slot 17 → Fri slot 20: Choose 3 Body Reset slots for the week: beach yoga if available + 2 home strength/mobility sessions
  - Thu slot 18 → Fri slot 21: Kids allowance: Sunday $10/week + Friday $10/day through Aug
